[0430/164846.871:WARNING:runtime_features.cc(730)] AttributionReportingCrossAppWeb cannot be enabled in this configuration. Use --enable-features=ConversionMeasurement,AttributionReportingCrossAppWeb in addition.
[0430/164846.871:WARNING:runtime_features.cc(730)] AttributionReportingCrossAppWeb cannot be enabled in this configuration. Use --enable-features=ConversionMeasurement,AttributionReportingCrossAppWeb in addition.
[0430/164846.953:INFO:render_process_app.cc(130)] RenderProcessApp::OnBrowserCreated
[0430/164847.604:INFO:CONSOLE(171)] "xxxx", source: file:///C:/opensource/open/ss-aistudio/html/asserts/js/main.js (171)
[0430/164847.611:INFO:CONSOLE(231)] "receiveHistory: [object Object]", source: file:///C:/opensource/open/ss-aistudio/html/asserts/js/main.js (231)
[0430/164847.661:INFO:CONSOLE(97)] "func: _maps_geo<span class='func-succ'>已完成</span>", source: file:///C:/opensource/open/ss-aistudio/html/asserts/js/main.js (97)
[0430/164847.661:INFO:CONSOLE(97)] "func: _maps_around_search<span class='func-succ'>已完成</span>", source: file:///C:/opensource/open/ss-aistudio/html/asserts/js/main.js (97)
[0430/164847.661:INFO:CONSOLE(97)] "func: _maps_around_search<span class='func-succ'>已完成</span>", source: file:///C:/opensource/open/ss-aistudio/html/asserts/js/main.js (97)
[0430/164847.662:INFO:CONSOLE(265)] "Element previously highlighted. To highlight again, first unset `dataset.highlighted`. [object HTMLElement]", source: file:///C:/opensource/open/ss-aistudio/html/asserts/highlight/highlight.min.js (265)
[0430/164847.663:INFO:CONSOLE(265)] "Element previously highlighted. To highlight again, first unset `dataset.highlighted`. [object HTMLElement]", source: file:///C:/opensource/open/ss-aistudio/html/asserts/highlight/highlight.min.js (265)
[0430/164847.663:INFO:CONSOLE(265)] "Element previously highlighted. To highlight again, first unset `dataset.highlighted`. [object HTMLElement]", source: file:///C:/opensource/open/ss-aistudio/html/asserts/highlight/highlight.min.js (265)
[0430/164847.673:INFO:CONSOLE(97)] "func: _maps_geo<span class='func-succ'>已完成</span>", source: file:///C:/opensource/open/ss-aistudio/html/asserts/js/main.js (97)
[0430/164847.673:INFO:CONSOLE(97)] "func: _maps_around_search<span class='func-error'>调用失败</span>", source: file:///C:/opensource/open/ss-aistudio/html/asserts/js/main.js (97)
[0430/164847.673:INFO:CONSOLE(97)] "func: _maps_around_search<span class='func-error'>调用失败</span>", source: file:///C:/opensource/open/ss-aistudio/html/asserts/js/main.js (97)
[0430/164847.673:INFO:CONSOLE(97)] "func: _maps_text_search<span class='func-succ'>已完成</span>", source: file:///C:/opensource/open/ss-aistudio/html/asserts/js/main.js (97)
[0430/164847.674:INFO:CONSOLE(265)] "Element previously highlighted. To highlight again, first unset `dataset.highlighted`. [object HTMLElement]", source: file:///C:/opensource/open/ss-aistudio/html/asserts/highlight/highlight.min.js (265)
[0430/164847.674:INFO:CONSOLE(265)] "Element previously highlighted. To highlight again, first unset `dataset.highlighted`. [object HTMLElement]", source: file:///C:/opensource/open/ss-aistudio/html/asserts/highlight/highlight.min.js (265)
[0430/164847.674:INFO:CONSOLE(265)] "Element previously highlighted. To highlight again, first unset `dataset.highlighted`. [object HTMLElement]", source: file:///C:/opensource/open/ss-aistudio/html/asserts/highlight/highlight.min.js (265)
[0430/164847.674:INFO:CONSOLE(265)] "Element previously highlighted. To highlight again, first unset `dataset.highlighted`. [object HTMLElement]", source: file:///C:/opensource/open/ss-aistudio/html/asserts/highlight/highlight.min.js (265)
[0430/164847.674:INFO:CONSOLE(265)] "Element previously highlighted. To highlight again, first unset `dataset.highlighted`. [object HTMLElement]", source: file:///C:/opensource/open/ss-aistudio/html/asserts/highlight/highlight.min.js (265)
[0430/164847.674:INFO:CONSOLE(265)] "Element previously highlighted. To highlight again, first unset `dataset.highlighted`. [object HTMLElement]", source: file:///C:/opensource/open/ss-aistudio/html/asserts/highlight/highlight.min.js (265)
[0430/164847.674:INFO:CONSOLE(265)] "Element previously highlighted. To highlight again, first unset `dataset.highlighted`. [object HTMLElement]", source: file:///C:/opensource/open/ss-aistudio/html/asserts/highlight/highlight.min.js (265)
[0430/164847.684:INFO:CONSOLE(97)] "func: _maps_geo<span class='func-succ'>已完成</span>", source: file:///C:/opensource/open/ss-aistudio/html/asserts/js/main.js (97)
[0430/164847.684:INFO:CONSOLE(97)] "func: _maps_around_search<span class='func-succ'>已完成</span>", source: file:///C:/opensource/open/ss-aistudio/html/asserts/js/main.js (97)
[0430/164847.684:INFO:CONSOLE(97)] "func: _maps_around_search<span class='func-succ'>已完成</span>", source: file:///C:/opensource/open/ss-aistudio/html/asserts/js/main.js (97)
[0430/164847.684:INFO:CONSOLE(265)] "Element previously highlighted. To highlight again, first unset `dataset.highlighted`. [object HTMLElement]", source: file:///C:/opensource/open/ss-aistudio/html/asserts/highlight/highlight.min.js (265)
[0430/164847.684:INFO:CONSOLE(265)] "Element previously highlighted. To highlight again, first unset `dataset.highlighted`. [object HTMLElement]", source: file:///C:/opensource/open/ss-aistudio/html/asserts/highlight/highlight.min.js (265)
[0430/164847.684:INFO:CONSOLE(265)] "Element previously highlighted. To highlight again, first unset `dataset.highlighted`. [object HTMLElement]", source: file:///C:/opensource/open/ss-aistudio/html/asserts/highlight/highlight.min.js (265)
[0430/164847.684:INFO:CONSOLE(265)] "Element previously highlighted. To highlight again, first unset `dataset.highlighted`. [object HTMLElement]", source: file:///C:/opensource/open/ss-aistudio/html/asserts/highlight/highlight.min.js (265)
[0430/164847.684:INFO:CONSOLE(265)] "Element previously highlighted. To highlight again, first unset `dataset.highlighted`. [object HTMLElement]", source: file:///C:/opensource/open/ss-aistudio/html/asserts/highlight/highlight.min.js (265)
[0430/164847.684:INFO:CONSOLE(265)] "Element previously highlighted. To highlight again, first unset `dataset.highlighted`. [object HTMLElement]", source: file:///C:/opensource/open/ss-aistudio/html/asserts/highlight/highlight.min.js (265)
[0430/164847.685:INFO:CONSOLE(265)] "Element previously highlighted. To highlight again, first unset `dataset.highlighted`. [object HTMLElement]", source: file:///C:/opensource/open/ss-aistudio/html/asserts/highlight/highlight.min.js (265)
[0430/164847.685:INFO:CONSOLE(265)] "Element previously highlighted. To highlight again, first unset `dataset.highlighted`. [object HTMLElement]", source: file:///C:/opensource/open/ss-aistudio/html/asserts/highlight/highlight.min.js (265)
[0430/164847.685:INFO:CONSOLE(265)] "Element previously highlighted. To highlight again, first unset `dataset.highlighted`. [object HTMLElement]", source: file:///C:/opensource/open/ss-aistudio/html/asserts/highlight/highlight.min.js (265)
[0430/164847.685:INFO:CONSOLE(265)] "Element previously highlighted. To highlight again, first unset `dataset.highlighted`. [object HTMLElement]", source: file:///C:/opensource/open/ss-aistudio/html/asserts/highlight/highlight.min.js (265)
[0430/164847.721:INFO:CONSOLE(265)] "Element previously highlighted. To highlight again, first unset `dataset.highlighted`. [object HTMLElement]", source: file:///C:/opensource/open/ss-aistudio/html/asserts/highlight/highlight.min.js (265)
[0430/164847.721:INFO:CONSOLE(265)] "Element previously highlighted. To highlight again, first unset `dataset.highlighted`. [object HTMLElement]", source: file:///C:/opensource/open/ss-aistudio/html/asserts/highlight/highlight.min.js (265)
[0430/164847.721:INFO:CONSOLE(265)] "Element previously highlighted. To highlight again, first unset `dataset.highlighted`. [object HTMLElement]", source: file:///C:/opensource/open/ss-aistudio/html/asserts/highlight/highlight.min.js (265)
[0430/164847.722:INFO:CONSOLE(265)] "Element previously highlighted. To highlight again, first unset `dataset.highlighted`. [object HTMLElement]", source: file:///C:/opensource/open/ss-aistudio/html/asserts/highlight/highlight.min.js (265)
[0430/164847.722:INFO:CONSOLE(265)] "Element previously highlighted. To highlight again, first unset `dataset.highlighted`. [object HTMLElement]", source: file:///C:/opensource/open/ss-aistudio/html/asserts/highlight/highlight.min.js (265)
[0430/164847.722:INFO:CONSOLE(265)] "Element previously highlighted. To highlight again, first unset `dataset.highlighted`. [object HTMLElement]", source: file:///C:/opensource/open/ss-aistudio/html/asserts/highlight/highlight.min.js (265)
[0430/164847.722:INFO:CONSOLE(265)] "Element previously highlighted. To highlight again, first unset `dataset.highlighted`. [object HTMLElement]", source: file:///C:/opensource/open/ss-aistudio/html/asserts/highlight/highlight.min.js (265)
[0430/164847.722:INFO:CONSOLE(265)] "Element previously highlighted. To highlight again, first unset `dataset.highlighted`. [object HTMLElement]", source: file:///C:/opensource/open/ss-aistudio/html/asserts/highlight/highlight.min.js (265)
[0430/164847.722:INFO:CONSOLE(265)] "Element previously highlighted. To highlight again, first unset `dataset.highlighted`. [object HTMLElement]", source: file:///C:/opensource/open/ss-aistudio/html/asserts/highlight/highlight.min.js (265)
[0430/164847.722:INFO:CONSOLE(265)] "Element previously highlighted. To highlight again, first unset `dataset.highlighted`. [object HTMLElement]", source: file:///C:/opensource/open/ss-aistudio/html/asserts/highlight/highlight.min.js (265)
[0430/164853.109:INFO:CONSOLE(306)] "succ:undefined", source: file:///C:/opensource/open/ss-aistudio/html/asserts/js/main.js (306)
[0430/164910.645:INFO:CONSOLE(279)] "触发取消请求", source: file:///C:/opensource/open/ss-aistudio/html/asserts/js/main.js (279)
[0430/164916.478:INFO:CONSOLE(306)] "succ:undefined", source: file:///C:/opensource/open/ss-aistudio/html/asserts/js/main.js (306)
[0430/164938.013:WARNING:runtime_features.cc(730)] AttributionReportingCrossAppWeb cannot be enabled in this configuration. Use --enable-features=ConversionMeasurement,AttributionReportingCrossAppWeb in addition.
[0430/164938.027:WARNING:runtime_features.cc(730)] AttributionReportingCrossAppWeb cannot be enabled in this configuration. Use --enable-features=ConversionMeasurement,AttributionReportingCrossAppWeb in addition.
[0430/164938.029:INFO:render_process_app.cc(130)] RenderProcessApp::OnBrowserCreated
[0430/164938.341:INFO:CONSOLE(171)] "xxxx", source: file:///C:/opensource/open/ss-aistudio/html/asserts/js/main.js (171)
[0430/164938.347:INFO:CONSOLE(231)] "receiveHistory: [object Object]", source: file:///C:/opensource/open/ss-aistudio/html/asserts/js/main.js (231)
[0430/164938.377:INFO:CONSOLE(97)] "func: _maps_geo<span class='func-succ'>已完成</span>", source: file:///C:/opensource/open/ss-aistudio/html/asserts/js/main.js (97)
[0430/164938.377:INFO:CONSOLE(97)] "func: _maps_around_search<span class='func-succ'>已完成</span>", source: file:///C:/opensource/open/ss-aistudio/html/asserts/js/main.js (97)
[0430/164938.377:INFO:CONSOLE(97)] "func: _maps_around_search<span class='func-succ'>已完成</span>", source: file:///C:/opensource/open/ss-aistudio/html/asserts/js/main.js (97)
[0430/164938.379:INFO:CONSOLE(265)] "Element previously highlighted. To highlight again, first unset `dataset.highlighted`. [object HTMLElement]", source: file:///C:/opensource/open/ss-aistudio/html/asserts/highlight/highlight.min.js (265)
[0430/164938.379:INFO:CONSOLE(265)] "Element previously highlighted. To highlight again, first unset `dataset.highlighted`. [object HTMLElement]", source: file:///C:/opensource/open/ss-aistudio/html/asserts/highlight/highlight.min.js (265)
[0430/164938.379:INFO:CONSOLE(265)] "Element previously highlighted. To highlight again, first unset `dataset.highlighted`. [object HTMLElement]", source: file:///C:/opensource/open/ss-aistudio/html/asserts/highlight/highlight.min.js (265)
[0430/164938.390:INFO:CONSOLE(97)] "func: _maps_geo<span class='func-succ'>已完成</span>", source: file:///C:/opensource/open/ss-aistudio/html/asserts/js/main.js (97)
[0430/164938.390:INFO:CONSOLE(97)] "func: _maps_around_search<span class='func-error'>调用失败</span>", source: file:///C:/opensource/open/ss-aistudio/html/asserts/js/main.js (97)
[0430/164938.390:INFO:CONSOLE(97)] "func: _maps_around_search<span class='func-error'>调用失败</span>", source: file:///C:/opensource/open/ss-aistudio/html/asserts/js/main.js (97)
[0430/164938.390:INFO:CONSOLE(97)] "func: _maps_text_search<span class='func-succ'>已完成</span>", source: file:///C:/opensource/open/ss-aistudio/html/asserts/js/main.js (97)
[0430/164938.390:INFO:CONSOLE(265)] "Element previously highlighted. To highlight again, first unset `dataset.highlighted`. [object HTMLElement]", source: file:///C:/opensource/open/ss-aistudio/html/asserts/highlight/highlight.min.js (265)
[0430/164938.390:INFO:CONSOLE(265)] "Element previously highlighted. To highlight again, first unset `dataset.highlighted`. [object HTMLElement]", source: file:///C:/opensource/open/ss-aistudio/html/asserts/highlight/highlight.min.js (265)
[0430/164938.390:INFO:CONSOLE(265)] "Element previously highlighted. To highlight again, first unset `dataset.highlighted`. [object HTMLElement]", source: file:///C:/opensource/open/ss-aistudio/html/asserts/highlight/highlight.min.js (265)
[0430/164938.390:INFO:CONSOLE(265)] "Element previously highlighted. To highlight again, first unset `dataset.highlighted`. [object HTMLElement]", source: file:///C:/opensource/open/ss-aistudio/html/asserts/highlight/highlight.min.js (265)
[0430/164938.390:INFO:CONSOLE(265)] "Element previously highlighted. To highlight again, first unset `dataset.highlighted`. [object HTMLElement]", source: file:///C:/opensource/open/ss-aistudio/html/asserts/highlight/highlight.min.js (265)
[0430/164938.390:INFO:CONSOLE(265)] "Element previously highlighted. To highlight again, first unset `dataset.highlighted`. [object HTMLElement]", source: file:///C:/opensource/open/ss-aistudio/html/asserts/highlight/highlight.min.js (265)
[0430/164938.390:INFO:CONSOLE(265)] "Element previously highlighted. To highlight again, first unset `dataset.highlighted`. [object HTMLElement]", source: file:///C:/opensource/open/ss-aistudio/html/asserts/highlight/highlight.min.js (265)
[0430/164938.403:INFO:CONSOLE(97)] "func: _maps_geo<span class='func-succ'>已完成</span>", source: file:///C:/opensource/open/ss-aistudio/html/asserts/js/main.js (97)
[0430/164938.403:INFO:CONSOLE(97)] "func: _maps_around_search<span class='func-succ'>已完成</span>", source: file:///C:/opensource/open/ss-aistudio/html/asserts/js/main.js (97)
[0430/164938.403:INFO:CONSOLE(97)] "func: _maps_around_search<span class='func-succ'>已完成</span>", source: file:///C:/opensource/open/ss-aistudio/html/asserts/js/main.js (97)
[0430/164938.403:INFO:CONSOLE(265)] "Element previously highlighted. To highlight again, first unset `dataset.highlighted`. [object HTMLElement]", source: file:///C:/opensource/open/ss-aistudio/html/asserts/highlight/highlight.min.js (265)
[0430/164938.403:INFO:CONSOLE(265)] "Element previously highlighted. To highlight again, first unset `dataset.highlighted`. [object HTMLElement]", source: file:///C:/opensource/open/ss-aistudio/html/asserts/highlight/highlight.min.js (265)
[0430/164938.403:INFO:CONSOLE(265)] "Element previously highlighted. To highlight again, first unset `dataset.highlighted`. [object HTMLElement]", source: file:///C:/opensource/open/ss-aistudio/html/asserts/highlight/highlight.min.js (265)
[0430/164938.403:INFO:CONSOLE(265)] "Element previously highlighted. To highlight again, first unset `dataset.highlighted`. [object HTMLElement]", source: file:///C:/opensource/open/ss-aistudio/html/asserts/highlight/highlight.min.js (265)
[0430/164938.403:INFO:CONSOLE(265)] "Element previously highlighted. To highlight again, first unset `dataset.highlighted`. [object HTMLElement]", source: file:///C:/opensource/open/ss-aistudio/html/asserts/highlight/highlight.min.js (265)
[0430/164938.403:INFO:CONSOLE(265)] "Element previously highlighted. To highlight again, first unset `dataset.highlighted`. [object HTMLElement]", source: file:///C:/opensource/open/ss-aistudio/html/asserts/highlight/highlight.min.js (265)
[0430/164938.403:INFO:CONSOLE(265)] "Element previously highlighted. To highlight again, first unset `dataset.highlighted`. [object HTMLElement]", source: file:///C:/opensource/open/ss-aistudio/html/asserts/highlight/highlight.min.js (265)
[0430/164938.403:INFO:CONSOLE(265)] "Element previously highlighted. To highlight again, first unset `dataset.highlighted`. [object HTMLElement]", source: file:///C:/opensource/open/ss-aistudio/html/asserts/highlight/highlight.min.js (265)
[0430/164938.403:INFO:CONSOLE(265)] "Element previously highlighted. To highlight again, first unset `dataset.highlighted`. [object HTMLElement]", source: file:///C:/opensource/open/ss-aistudio/html/asserts/highlight/highlight.min.js (265)
[0430/164938.403:INFO:CONSOLE(265)] "Element previously highlighted. To highlight again, first unset `dataset.highlighted`. [object HTMLElement]", source: file:///C:/opensource/open/ss-aistudio/html/asserts/highlight/highlight.min.js (265)
[0430/164938.445:INFO:CONSOLE(265)] "Element previously highlighted. To highlight again, first unset `dataset.highlighted`. [object HTMLElement]", source: file:///C:/opensource/open/ss-aistudio/html/asserts/highlight/highlight.min.js (265)
[0430/164938.445:INFO:CONSOLE(265)] "Element previously highlighted. To highlight again, first unset `dataset.highlighted`. [object HTMLElement]", source: file:///C:/opensource/open/ss-aistudio/html/asserts/highlight/highlight.min.js (265)
[0430/164938.445:INFO:CONSOLE(265)] "Element previously highlighted. To highlight again, first unset `dataset.highlighted`. [object HTMLElement]", source: file:///C:/opensource/open/ss-aistudio/html/asserts/highlight/highlight.min.js (265)
[0430/164938.445:INFO:CONSOLE(265)] "Element previously highlighted. To highlight again, first unset `dataset.highlighted`. [object HTMLElement]", source: file:///C:/opensource/open/ss-aistudio/html/asserts/highlight/highlight.min.js (265)
[0430/164938.445:INFO:CONSOLE(265)] "Element previously highlighted. To highlight again, first unset `dataset.highlighted`. [object HTMLElement]", source: file:///C:/opensource/open/ss-aistudio/html/asserts/highlight/highlight.min.js (265)
[0430/164938.445:INFO:CONSOLE(265)] "Element previously highlighted. To highlight again, first unset `dataset.highlighted`. [object HTMLElement]", source: file:///C:/opensource/open/ss-aistudio/html/asserts/highlight/highlight.min.js (265)
[0430/164938.445:INFO:CONSOLE(265)] "Element previously highlighted. To highlight again, first unset `dataset.highlighted`. [object HTMLElement]", source: file:///C:/opensource/open/ss-aistudio/html/asserts/highlight/highlight.min.js (265)
[0430/164938.445:INFO:CONSOLE(265)] "Element previously highlighted. To highlight again, first unset `dataset.highlighted`. [object HTMLElement]", source: file:///C:/opensource/open/ss-aistudio/html/asserts/highlight/highlight.min.js (265)
[0430/164938.445:INFO:CONSOLE(265)] "Element previously highlighted. To highlight again, first unset `dataset.highlighted`. [object HTMLElement]", source: file:///C:/opensource/open/ss-aistudio/html/asserts/highlight/highlight.min.js (265)
[0430/164938.446:INFO:CONSOLE(265)] "Element previously highlighted. To highlight again, first unset `dataset.highlighted`. [object HTMLElement]", source: file:///C:/opensource/open/ss-aistudio/html/asserts/highlight/highlight.min.js (265)
[0430/164953.094:INFO:CONSOLE(306)] "succ:undefined", source: file:///C:/opensource/open/ss-aistudio/html/asserts/js/main.js (306)
[0430/164955.365:WARNING:runtime_features.cc(730)] AttributionReportingCrossAppWeb cannot be enabled in this configuration. Use --enable-features=ConversionMeasurement,AttributionReportingCrossAppWeb in addition.
[0430/164955.370:INFO:render_process_app.cc(130)] RenderProcessApp::OnBrowserCreated
[0430/164956.204:ERROR:CONSOLE(1)] "Request Autofill.enable failed. {"code":-32601,"message":"'Autofill.enable' wasn't found"}", source: devtools://devtools/core/protocol_client/protocol_client.js (1)
[0430/165006.170:INFO:CONSOLE(279)] "触发取消请求", source: file:///C:/opensource/open/ss-aistudio/html/asserts/js/main.js (279)
[0430/165013.750:INFO:CONSOLE(306)] "succ:undefined", source: file:///C:/opensource/open/ss-aistudio/html/asserts/js/main.js (306)
[0430/165104.075:WARNING:runtime_features.cc(730)] AttributionReportingCrossAppWeb cannot be enabled in this configuration. Use --enable-features=ConversionMeasurement,AttributionReportingCrossAppWeb in addition.
[0430/165104.085:WARNING:runtime_features.cc(730)] AttributionReportingCrossAppWeb cannot be enabled in this configuration. Use --enable-features=ConversionMeasurement,AttributionReportingCrossAppWeb in addition.
[0430/165104.092:INFO:render_process_app.cc(130)] RenderProcessApp::OnBrowserCreated
[0430/165104.741:INFO:CONSOLE(171)] "xxxx", source: file:///C:/opensource/open/ss-aistudio/html/asserts/js/main.js (171)
[0430/165104.749:INFO:CONSOLE(228)] "receiveHistory: [object Object]", source: file:///C:/opensource/open/ss-aistudio/html/asserts/js/main.js (228)
[0430/165104.789:INFO:CONSOLE(97)] "func: _maps_geo<span class='func-succ'>已完成</span>", source: file:///C:/opensource/open/ss-aistudio/html/asserts/js/main.js (97)
[0430/165104.790:INFO:CONSOLE(97)] "func: _maps_around_search<span class='func-error'>调用失败</span>", source: file:///C:/opensource/open/ss-aistudio/html/asserts/js/main.js (97)
[0430/165104.790:INFO:CONSOLE(97)] "func: _maps_around_search<span class='func-error'>调用失败</span>", source: file:///C:/opensource/open/ss-aistudio/html/asserts/js/main.js (97)
[0430/165104.790:INFO:CONSOLE(97)] "func: _maps_text_search<span class='func-succ'>已完成</span>", source: file:///C:/opensource/open/ss-aistudio/html/asserts/js/main.js (97)
[0430/165104.791:INFO:CONSOLE(265)] "Element previously highlighted. To highlight again, first unset `dataset.highlighted`. [object HTMLElement]", source: file:///C:/opensource/open/ss-aistudio/html/asserts/highlight/highlight.min.js (265)
[0430/165104.791:INFO:CONSOLE(265)] "Element previously highlighted. To highlight again, first unset `dataset.highlighted`. [object HTMLElement]", source: file:///C:/opensource/open/ss-aistudio/html/asserts/highlight/highlight.min.js (265)
[0430/165104.791:INFO:CONSOLE(265)] "Element previously highlighted. To highlight again, first unset `dataset.highlighted`. [object HTMLElement]", source: file:///C:/opensource/open/ss-aistudio/html/asserts/highlight/highlight.min.js (265)
[0430/165104.791:INFO:CONSOLE(265)] "Element previously highlighted. To highlight again, first unset `dataset.highlighted`. [object HTMLElement]", source: file:///C:/opensource/open/ss-aistudio/html/asserts/highlight/highlight.min.js (265)
[0430/165104.798:INFO:CONSOLE(97)] "func: _maps_geo<span class='func-succ'>已完成</span>", source: file:///C:/opensource/open/ss-aistudio/html/asserts/js/main.js (97)
[0430/165104.798:INFO:CONSOLE(97)] "func: _maps_around_search<span class='func-succ'>已完成</span>", source: file:///C:/opensource/open/ss-aistudio/html/asserts/js/main.js (97)
[0430/165104.798:INFO:CONSOLE(97)] "func: _maps_around_search<span class='func-succ'>已完成</span>", source: file:///C:/opensource/open/ss-aistudio/html/asserts/js/main.js (97)
[0430/165104.798:INFO:CONSOLE(265)] "Element previously highlighted. To highlight again, first unset `dataset.highlighted`. [object HTMLElement]", source: file:///C:/opensource/open/ss-aistudio/html/asserts/highlight/highlight.min.js (265)
[0430/165104.798:INFO:CONSOLE(265)] "Element previously highlighted. To highlight again, first unset `dataset.highlighted`. [object HTMLElement]", source: file:///C:/opensource/open/ss-aistudio/html/asserts/highlight/highlight.min.js (265)
[0430/165104.798:INFO:CONSOLE(265)] "Element previously highlighted. To highlight again, first unset `dataset.highlighted`. [object HTMLElement]", source: file:///C:/opensource/open/ss-aistudio/html/asserts/highlight/highlight.min.js (265)
[0430/165104.798:INFO:CONSOLE(265)] "Element previously highlighted. To highlight again, first unset `dataset.highlighted`. [object HTMLElement]", source: file:///C:/opensource/open/ss-aistudio/html/asserts/highlight/highlight.min.js (265)
[0430/165104.798:INFO:CONSOLE(265)] "Element previously highlighted. To highlight again, first unset `dataset.highlighted`. [object HTMLElement]", source: file:///C:/opensource/open/ss-aistudio/html/asserts/highlight/highlight.min.js (265)
[0430/165104.798:INFO:CONSOLE(265)] "Element previously highlighted. To highlight again, first unset `dataset.highlighted`. [object HTMLElement]", source: file:///C:/opensource/open/ss-aistudio/html/asserts/highlight/highlight.min.js (265)
[0430/165104.798:INFO:CONSOLE(265)] "Element previously highlighted. To highlight again, first unset `dataset.highlighted`. [object HTMLElement]", source: file:///C:/opensource/open/ss-aistudio/html/asserts/highlight/highlight.min.js (265)
[0430/165104.851:INFO:CONSOLE(265)] "Element previously highlighted. To highlight again, first unset `dataset.highlighted`. [object HTMLElement]", source: file:///C:/opensource/open/ss-aistudio/html/asserts/highlight/highlight.min.js (265)
[0430/165104.851:INFO:CONSOLE(265)] "Element previously highlighted. To highlight again, first unset `dataset.highlighted`. [object HTMLElement]", source: file:///C:/opensource/open/ss-aistudio/html/asserts/highlight/highlight.min.js (265)
[0430/165104.851:INFO:CONSOLE(265)] "Element previously highlighted. To highlight again, first unset `dataset.highlighted`. [object HTMLElement]", source: file:///C:/opensource/open/ss-aistudio/html/asserts/highlight/highlight.min.js (265)
[0430/165104.851:INFO:CONSOLE(265)] "Element previously highlighted. To highlight again, first unset `dataset.highlighted`. [object HTMLElement]", source: file:///C:/opensource/open/ss-aistudio/html/asserts/highlight/highlight.min.js (265)
[0430/165104.851:INFO:CONSOLE(265)] "Element previously highlighted. To highlight again, first unset `dataset.highlighted`. [object HTMLElement]", source: file:///C:/opensource/open/ss-aistudio/html/asserts/highlight/highlight.min.js (265)
[0430/165104.851:INFO:CONSOLE(265)] "Element previously highlighted. To highlight again, first unset `dataset.highlighted`. [object HTMLElement]", source: file:///C:/opensource/open/ss-aistudio/html/asserts/highlight/highlight.min.js (265)
[0430/165104.851:INFO:CONSOLE(265)] "Element previously highlighted. To highlight again, first unset `dataset.highlighted`. [object HTMLElement]", source: file:///C:/opensource/open/ss-aistudio/html/asserts/highlight/highlight.min.js (265)
[0430/165114.963:INFO:CONSOLE(303)] "succ:undefined", source: file:///C:/opensource/open/ss-aistudio/html/asserts/js/main.js (303)
[0430/165116.873:WARNING:runtime_features.cc(730)] AttributionReportingCrossAppWeb cannot be enabled in this configuration. Use --enable-features=ConversionMeasurement,AttributionReportingCrossAppWeb in addition.
[0430/165116.883:INFO:render_process_app.cc(130)] RenderProcessApp::OnBrowserCreated
[0430/165117.694:ERROR:CONSOLE(1)] "Request Autofill.enable failed. {"code":-32601,"message":"'Autofill.enable' wasn't found"}", source: devtools://devtools/core/protocol_client/protocol_client.js (1)
[0430/165133.993:INFO:CONSOLE(276)] "触发取消请求", source: file:///C:/opensource/open/ss-aistudio/html/asserts/js/main.js (276)
[0430/165138.121:INFO:CONSOLE(303)] "succ:undefined", source: file:///C:/opensource/open/ss-aistudio/html/asserts/js/main.js (303)
[0430/165244.409:WARNING:runtime_features.cc(730)] AttributionReportingCrossAppWeb cannot be enabled in this configuration. Use --enable-features=ConversionMeasurement,AttributionReportingCrossAppWeb in addition.
[0430/165244.425:INFO:render_process_app.cc(130)] RenderProcessApp::OnBrowserCreated
[0430/165244.426:WARNING:runtime_features.cc(730)] AttributionReportingCrossAppWeb cannot be enabled in this configuration. Use --enable-features=ConversionMeasurement,AttributionReportingCrossAppWeb in addition.
[0430/165244.735:INFO:CONSOLE(171)] "xxxx", source: file:///C:/opensource/open/ss-aistudio/html/asserts/js/main.js (171)
[0430/165244.742:INFO:CONSOLE(228)] "receiveHistory: [object Object]", source: file:///C:/opensource/open/ss-aistudio/html/asserts/js/main.js (228)
[0430/165244.776:INFO:CONSOLE(97)] "func: _maps_geo<span class='func-succ'>已完成</span>", source: file:///C:/opensource/open/ss-aistudio/html/asserts/js/main.js (97)
[0430/165244.776:INFO:CONSOLE(97)] "func: _maps_around_search<span class='func-succ'>已完成</span>", source: file:///C:/opensource/open/ss-aistudio/html/asserts/js/main.js (97)
[0430/165244.776:INFO:CONSOLE(97)] "func: _maps_around_search<span class='func-succ'>已完成</span>", source: file:///C:/opensource/open/ss-aistudio/html/asserts/js/main.js (97)
[0430/165244.778:INFO:CONSOLE(265)] "Element previously highlighted. To highlight again, first unset `dataset.highlighted`. [object HTMLElement]", source: file:///C:/opensource/open/ss-aistudio/html/asserts/highlight/highlight.min.js (265)
[0430/165244.778:INFO:CONSOLE(265)] "Element previously highlighted. To highlight again, first unset `dataset.highlighted`. [object HTMLElement]", source: file:///C:/opensource/open/ss-aistudio/html/asserts/highlight/highlight.min.js (265)
[0430/165244.778:INFO:CONSOLE(265)] "Element previously highlighted. To highlight again, first unset `dataset.highlighted`. [object HTMLElement]", source: file:///C:/opensource/open/ss-aistudio/html/asserts/highlight/highlight.min.js (265)
[0430/165244.824:INFO:CONSOLE(265)] "Element previously highlighted. To highlight again, first unset `dataset.highlighted`. [object HTMLElement]", source: file:///C:/opensource/open/ss-aistudio/html/asserts/highlight/highlight.min.js (265)
[0430/165244.824:INFO:CONSOLE(265)] "Element previously highlighted. To highlight again, first unset `dataset.highlighted`. [object HTMLElement]", source: file:///C:/opensource/open/ss-aistudio/html/asserts/highlight/highlight.min.js (265)
[0430/165244.824:INFO:CONSOLE(265)] "Element previously highlighted. To highlight again, first unset `dataset.highlighted`. [object HTMLElement]", source: file:///C:/opensource/open/ss-aistudio/html/asserts/highlight/highlight.min.js (265)
[0430/165248.311:INFO:CONSOLE(303)] "succ:undefined", source: file:///C:/opensource/open/ss-aistudio/html/asserts/js/main.js (303)
[0430/165249.901:INFO:render_process_app.cc(130)] RenderProcessApp::OnBrowserCreated
[0430/165249.909:WARNING:runtime_features.cc(730)] AttributionReportingCrossAppWeb cannot be enabled in this configuration. Use --enable-features=ConversionMeasurement,AttributionReportingCrossAppWeb in addition.
[0430/165250.717:ERROR:CONSOLE(1)] "Request Autofill.enable failed. {"code":-32601,"message":"'Autofill.enable' wasn't found"}", source: devtools://devtools/core/protocol_client/protocol_client.js (1)
[0430/165323.195:INFO:CONSOLE(265)] "Element previously highlighted. To highlight again, first unset `dataset.highlighted`. [object HTMLElement]", source: file:///C:/opensource/open/ss-aistudio/html/asserts/highlight/highlight.min.js (265)
[0430/165323.197:INFO:CONSOLE(265)] "Element previously highlighted. To highlight again, first unset `dataset.highlighted`. [object HTMLElement]", source: file:///C:/opensource/open/ss-aistudio/html/asserts/highlight/highlight.min.js (265)
[0430/165323.197:INFO:CONSOLE(265)] "Element previously highlighted. To highlight again, first unset `dataset.highlighted`. [object HTMLElement]", source: file:///C:/opensource/open/ss-aistudio/html/asserts/highlight/highlight.min.js (265)
[0430/165342.620:WARNING:runtime_features.cc(730)] AttributionReportingCrossAppWeb cannot be enabled in this configuration. Use --enable-features=ConversionMeasurement,AttributionReportingCrossAppWeb in addition.
[0430/165342.634:WARNING:runtime_features.cc(730)] AttributionReportingCrossAppWeb cannot be enabled in this configuration. Use --enable-features=ConversionMeasurement,AttributionReportingCrossAppWeb in addition.
[0430/165342.635:INFO:render_process_app.cc(130)] RenderProcessApp::OnBrowserCreated
[0430/165342.950:INFO:CONSOLE(171)] "xxxx", source: file:///C:/opensource/open/ss-aistudio/html/asserts/js/main.js (171)
[0430/165342.955:INFO:CONSOLE(228)] "receiveHistory: [object Object]", source: file:///C:/opensource/open/ss-aistudio/html/asserts/js/main.js (228)
[0430/165353.601:INFO:CONSOLE(303)] "succ:undefined", source: file:///C:/opensource/open/ss-aistudio/html/asserts/js/main.js (303)
[0430/165403.262:INFO:CONSOLE(303)] "succ:undefined", source: file:///C:/opensource/open/ss-aistudio/html/asserts/js/main.js (303)
[0430/165444.368:WARNING:runtime_features.cc(730)] AttributionReportingCrossAppWeb cannot be enabled in this configuration. Use --enable-features=ConversionMeasurement,AttributionReportingCrossAppWeb in addition.
[0430/165444.380:WARNING:runtime_features.cc(730)] AttributionReportingCrossAppWeb cannot be enabled in this configuration. Use --enable-features=ConversionMeasurement,AttributionReportingCrossAppWeb in addition.
[0430/165444.383:INFO:render_process_app.cc(130)] RenderProcessApp::OnBrowserCreated
[0430/165444.695:INFO:CONSOLE(171)] "xxxx", source: file:///C:/opensource/open/ss-aistudio/html/asserts/js/main.js (171)
[0430/165444.701:INFO:CONSOLE(231)] "receiveHistory: [object Object]", source: file:///C:/opensource/open/ss-aistudio/html/asserts/js/main.js (231)
[0430/165452.728:INFO:CONSOLE(306)] "succ:undefined", source: file:///C:/opensource/open/ss-aistudio/html/asserts/js/main.js (306)
[0430/165452.959:INFO:CONSOLE(175)] "receiveAnswer", source: file:///C:/opensource/open/ss-aistudio/html/asserts/js/main.js (175)
[0430/165452.975:INFO:CONSOLE(175)] "receiveAnswer", source: file:///C:/opensource/open/ss-aistudio/html/asserts/js/main.js (175)
[0430/165452.989:INFO:CONSOLE(175)] "receiveAnswer", source: file:///C:/opensource/open/ss-aistudio/html/asserts/js/main.js (175)
[0430/165453.002:INFO:CONSOLE(175)] "receiveAnswer", source: file:///C:/opensource/open/ss-aistudio/html/asserts/js/main.js (175)
[0430/165453.015:INFO:CONSOLE(175)] "receiveAnswer", source: file:///C:/opensource/open/ss-aistudio/html/asserts/js/main.js (175)
[0430/165453.027:INFO:CONSOLE(175)] "receiveAnswer", source: file:///C:/opensource/open/ss-aistudio/html/asserts/js/main.js (175)
[0430/165453.040:INFO:CONSOLE(175)] "receiveAnswer", source: file:///C:/opensource/open/ss-aistudio/html/asserts/js/main.js (175)
[0430/165453.053:INFO:CONSOLE(175)] "receiveAnswer", source: file:///C:/opensource/open/ss-aistudio/html/asserts/js/main.js (175)
[0430/165453.066:INFO:CONSOLE(175)] "receiveAnswer", source: file:///C:/opensource/open/ss-aistudio/html/asserts/js/main.js (175)
[0430/165453.078:INFO:CONSOLE(175)] "receiveAnswer", source: file:///C:/opensource/open/ss-aistudio/html/asserts/js/main.js (175)
[0430/165453.092:INFO:CONSOLE(175)] "receiveAnswer", source: file:///C:/opensource/open/ss-aistudio/html/asserts/js/main.js (175)
[0430/165453.105:INFO:CONSOLE(175)] "receiveAnswer", source: file:///C:/opensource/open/ss-aistudio/html/asserts/js/main.js (175)
[0430/165453.117:INFO:CONSOLE(175)] "receiveAnswer", source: file:///C:/opensource/open/ss-aistudio/html/asserts/js/main.js (175)
[0430/165453.130:INFO:CONSOLE(175)] "receiveAnswer", source: file:///C:/opensource/open/ss-aistudio/html/asserts/js/main.js (175)
[0430/165453.143:INFO:CONSOLE(175)] "receiveAnswer", source: file:///C:/opensource/open/ss-aistudio/html/asserts/js/main.js (175)
[0430/165453.157:INFO:CONSOLE(175)] "receiveAnswer", source: file:///C:/opensource/open/ss-aistudio/html/asserts/js/main.js (175)
[0430/165453.169:INFO:CONSOLE(175)] "receiveAnswer", source: file:///C:/opensource/open/ss-aistudio/html/asserts/js/main.js (175)
[0430/165453.182:INFO:CONSOLE(175)] "receiveAnswer", source: file:///C:/opensource/open/ss-aistudio/html/asserts/js/main.js (175)
[0430/165453.195:INFO:CONSOLE(175)] "receiveAnswer", source: file:///C:/opensource/open/ss-aistudio/html/asserts/js/main.js (175)
[0430/165453.208:INFO:CONSOLE(175)] "receiveAnswer", source: file:///C:/opensource/open/ss-aistudio/html/asserts/js/main.js (175)
[0430/165453.221:INFO:CONSOLE(175)] "receiveAnswer", source: file:///C:/opensource/open/ss-aistudio/html/asserts/js/main.js (175)
[0430/165453.234:INFO:CONSOLE(175)] "receiveAnswer", source: file:///C:/opensource/open/ss-aistudio/html/asserts/js/main.js (175)
[0430/165453.247:INFO:CONSOLE(175)] "receiveAnswer", source: file:///C:/opensource/open/ss-aistudio/html/asserts/js/main.js (175)
[0430/165453.258:INFO:CONSOLE(175)] "receiveAnswer", source: file:///C:/opensource/open/ss-aistudio/html/asserts/js/main.js (175)
[0430/165453.271:INFO:CONSOLE(175)] "receiveAnswer", source: file:///C:/opensource/open/ss-aistudio/html/asserts/js/main.js (175)
[0430/165453.284:INFO:CONSOLE(175)] "receiveAnswer", source: file:///C:/opensource/open/ss-aistudio/html/asserts/js/main.js (175)
[0430/165453.297:INFO:CONSOLE(175)] "receiveAnswer", source: file:///C:/opensource/open/ss-aistudio/html/asserts/js/main.js (175)
[0430/165453.310:INFO:CONSOLE(175)] "receiveAnswer", source: file:///C:/opensource/open/ss-aistudio/html/asserts/js/main.js (175)
[0430/165453.322:INFO:CONSOLE(175)] "receiveAnswer", source: file:///C:/opensource/open/ss-aistudio/html/asserts/js/main.js (175)
[0430/165453.335:INFO:CONSOLE(175)] "receiveAnswer", source: file:///C:/opensource/open/ss-aistudio/html/asserts/js/main.js (175)
[0430/165453.348:INFO:CONSOLE(175)] "receiveAnswer", source: file:///C:/opensource/open/ss-aistudio/html/asserts/js/main.js (175)
[0430/165453.360:INFO:CONSOLE(175)] "receiveAnswer", source: file:///C:/opensource/open/ss-aistudio/html/asserts/js/main.js (175)
[0430/165453.374:INFO:CONSOLE(175)] "receiveAnswer", source: file:///C:/opensource/open/ss-aistudio/html/asserts/js/main.js (175)
[0430/165453.385:INFO:CONSOLE(175)] "receiveAnswer", source: file:///C:/opensource/open/ss-aistudio/html/asserts/js/main.js (175)
[0430/165453.399:INFO:CONSOLE(175)] "receiveAnswer", source: file:///C:/opensource/open/ss-aistudio/html/asserts/js/main.js (175)
[0430/165453.412:INFO:CONSOLE(175)] "receiveAnswer", source: file:///C:/opensource/open/ss-aistudio/html/asserts/js/main.js (175)
[0430/165453.425:INFO:CONSOLE(175)] "receiveAnswer", source: file:///C:/opensource/open/ss-aistudio/html/asserts/js/main.js (175)
[0430/165453.437:INFO:CONSOLE(175)] "receiveAnswer", source: file:///C:/opensource/open/ss-aistudio/html/asserts/js/main.js (175)
[0430/165453.450:INFO:CONSOLE(175)] "receiveAnswer", source: file:///C:/opensource/open/ss-aistudio/html/asserts/js/main.js (175)
[0430/165453.463:INFO:CONSOLE(175)] "receiveAnswer", source: file:///C:/opensource/open/ss-aistudio/html/asserts/js/main.js (175)
[0430/165453.476:INFO:CONSOLE(175)] "receiveAnswer", source: file:///C:/opensource/open/ss-aistudio/html/asserts/js/main.js (175)
[0430/165453.489:INFO:CONSOLE(175)] "receiveAnswer", source: file:///C:/opensource/open/ss-aistudio/html/asserts/js/main.js (175)
[0430/165453.501:INFO:CONSOLE(175)] "receiveAnswer", source: file:///C:/opensource/open/ss-aistudio/html/asserts/js/main.js (175)
[0430/165453.514:INFO:CONSOLE(175)] "receiveAnswer", source: file:///C:/opensource/open/ss-aistudio/html/asserts/js/main.js (175)
[0430/165453.526:INFO:CONSOLE(175)] "receiveAnswer", source: file:///C:/opensource/open/ss-aistudio/html/asserts/js/main.js (175)
[0430/165453.539:INFO:CONSOLE(175)] "receiveAnswer", source: file:///C:/opensource/open/ss-aistudio/html/asserts/js/main.js (175)
[0430/165453.551:INFO:CONSOLE(175)] "receiveAnswer", source: file:///C:/opensource/open/ss-aistudio/html/asserts/js/main.js (175)
[0430/165453.563:INFO:CONSOLE(175)] "receiveAnswer", source: file:///C:/opensource/open/ss-aistudio/html/asserts/js/main.js (175)
[0430/165453.576:INFO:CONSOLE(175)] "receiveAnswer", source: file:///C:/opensource/open/ss-aistudio/html/asserts/js/main.js (175)
[0430/165453.588:INFO:CONSOLE(175)] "receiveAnswer", source: file:///C:/opensource/open/ss-aistudio/html/asserts/js/main.js (175)
[0430/165453.601:INFO:CONSOLE(175)] "receiveAnswer", source: file:///C:/opensource/open/ss-aistudio/html/asserts/js/main.js (175)
[0430/165458.222:INFO:CONSOLE(306)] "succ:undefined", source: file:///C:/opensource/open/ss-aistudio/html/asserts/js/main.js (306)
[0430/165458.861:INFO:CONSOLE(181)] "receiveThinking", source: file:///C:/opensource/open/ss-aistudio/html/asserts/js/main.js (181)
[0430/165458.904:INFO:CONSOLE(181)] "receiveThinking", source: file:///C:/opensource/open/ss-aistudio/html/asserts/js/main.js (181)
[0430/165458.953:INFO:CONSOLE(181)] "receiveThinking", source: file:///C:/opensource/open/ss-aistudio/html/asserts/js/main.js (181)
[0430/165459.089:INFO:CONSOLE(181)] "receiveThinking", source: file:///C:/opensource/open/ss-aistudio/html/asserts/js/main.js (181)
[0430/165459.266:INFO:CONSOLE(181)] "receiveThinking", source: file:///C:/opensource/open/ss-aistudio/html/asserts/js/main.js (181)
[0430/165500.410:INFO:CONSOLE(181)] "receiveThinking", source: file:///C:/opensource/open/ss-aistudio/html/asserts/js/main.js (181)
[0430/165500.619:INFO:CONSOLE(181)] "receiveThinking", source: file:///C:/opensource/open/ss-aistudio/html/asserts/js/main.js (181)
[0430/165500.746:INFO:CONSOLE(181)] "receiveThinking", source: file:///C:/opensource/open/ss-aistudio/html/asserts/js/main.js (181)
[0430/165500.802:INFO:CONSOLE(181)] "receiveThinking", source: file:///C:/opensource/open/ss-aistudio/html/asserts/js/main.js (181)
[0430/165500.904:INFO:CONSOLE(181)] "receiveThinking", source: file:///C:/opensource/open/ss-aistudio/html/asserts/js/main.js (181)
[0430/165500.997:INFO:CONSOLE(181)] "receiveThinking", source: file:///C:/opensource/open/ss-aistudio/html/asserts/js/main.js (181)
[0430/165501.133:INFO:CONSOLE(181)] "receiveThinking", source: file:///C:/opensource/open/ss-aistudio/html/asserts/js/main.js (181)
[0430/165501.197:INFO:CONSOLE(181)] "receiveThinking", source: file:///C:/opensource/open/ss-aistudio/html/asserts/js/main.js (181)
[0430/165501.333:INFO:CONSOLE(181)] "receiveThinking", source: file:///C:/opensource/open/ss-aistudio/html/asserts/js/main.js (181)
[0430/165501.557:INFO:CONSOLE(181)] "receiveThinking", source: file:///C:/opensource/open/ss-aistudio/html/asserts/js/main.js (181)
[0430/165501.667:INFO:CONSOLE(181)] "receiveThinking", source: file:///C:/opensource/open/ss-aistudio/html/asserts/js/main.js (181)
[0430/165501.811:INFO:CONSOLE(181)] "receiveThinking", source: file:///C:/opensource/open/ss-aistudio/html/asserts/js/main.js (181)
[0430/165501.985:INFO:CONSOLE(181)] "receiveThinking", source: file:///C:/opensource/open/ss-aistudio/html/asserts/js/main.js (181)
[0430/165502.055:INFO:CONSOLE(181)] "receiveThinking", source: file:///C:/opensource/open/ss-aistudio/html/asserts/js/main.js (181)
[0430/165502.199:INFO:CONSOLE(181)] "receiveThinking", source: file:///C:/opensource/open/ss-aistudio/html/asserts/js/main.js (181)
[0430/165502.238:INFO:CONSOLE(181)] "receiveThinking", source: file:///C:/opensource/open/ss-aistudio/html/asserts/js/main.js (181)
[0430/165502.357:INFO:CONSOLE(181)] "receiveThinking", source: file:///C:/opensource/open/ss-aistudio/html/asserts/js/main.js (181)
[0430/165502.426:INFO:CONSOLE(181)] "receiveThinking", source: file:///C:/opensource/open/ss-aistudio/html/asserts/js/main.js (181)
[0430/165502.571:INFO:CONSOLE(181)] "receiveThinking", source: file:///C:/opensource/open/ss-aistudio/html/asserts/js/main.js (181)
[0430/165502.699:INFO:CONSOLE(181)] "receiveThinking", source: file:///C:/opensource/open/ss-aistudio/html/asserts/js/main.js (181)
[0430/165502.766:INFO:CONSOLE(181)] "receiveThinking", source: file:///C:/opensource/open/ss-aistudio/html/asserts/js/main.js (181)
[0430/165502.877:INFO:CONSOLE(181)] "receiveThinking", source: file:///C:/opensource/open/ss-aistudio/html/asserts/js/main.js (181)
[0430/165503.379:INFO:CONSOLE(181)] "receiveThinking", source: file:///C:/opensource/open/ss-aistudio/html/asserts/js/main.js (181)
[0430/165503.444:INFO:CONSOLE(181)] "receiveThinking", source: file:///C:/opensource/open/ss-aistudio/html/asserts/js/main.js (181)
[0430/165503.463:INFO:CONSOLE(181)] "receiveThinking", source: file:///C:/opensource/open/ss-aistudio/html/asserts/js/main.js (181)
[0430/165503.484:INFO:CONSOLE(181)] "receiveThinking", source: file:///C:/opensource/open/ss-aistudio/html/asserts/js/main.js (181)
[0430/165503.506:INFO:CONSOLE(181)] "receiveThinking", source: file:///C:/opensource/open/ss-aistudio/html/asserts/js/main.js (181)
[0430/165503.637:INFO:CONSOLE(181)] "receiveThinking", source: file:///C:/opensource/open/ss-aistudio/html/asserts/js/main.js (181)
[0430/165503.768:INFO:CONSOLE(181)] "receiveThinking", source: file:///C:/opensource/open/ss-aistudio/html/asserts/js/main.js (181)
[0430/165503.830:INFO:CONSOLE(181)] "receiveThinking", source: file:///C:/opensource/open/ss-aistudio/html/asserts/js/main.js (181)
[0430/165503.944:INFO:CONSOLE(181)] "receiveThinking", source: file:///C:/opensource/open/ss-aistudio/html/asserts/js/main.js (181)
[0430/165504.022:INFO:CONSOLE(181)] "receiveThinking", source: file:///C:/opensource/open/ss-aistudio/html/asserts/js/main.js (181)
[0430/165504.199:INFO:CONSOLE(181)] "receiveThinking", source: file:///C:/opensource/open/ss-aistudio/html/asserts/js/main.js (181)
[0430/165504.312:INFO:CONSOLE(181)] "receiveThinking", source: file:///C:/opensource/open/ss-aistudio/html/asserts/js/main.js (181)
[0430/165504.406:INFO:CONSOLE(175)] "receiveAnswer", source: file:///C:/opensource/open/ss-aistudio/html/asserts/js/main.js (175)
[0430/165504.530:INFO:CONSOLE(175)] "receiveAnswer", source: file:///C:/opensource/open/ss-aistudio/html/asserts/js/main.js (175)
[0430/165504.601:INFO:CONSOLE(175)] "receiveAnswer", source: file:///C:/opensource/open/ss-aistudio/html/asserts/js/main.js (175)
[0430/165504.789:INFO:CONSOLE(175)] "receiveAnswer", source: file:///C:/opensource/open/ss-aistudio/html/asserts/js/main.js (175)
[0430/165504.977:INFO:CONSOLE(175)] "receiveAnswer", source: file:///C:/opensource/open/ss-aistudio/html/asserts/js/main.js (175)
[0430/165505.065:INFO:CONSOLE(175)] "receiveAnswer", source: file:///C:/opensource/open/ss-aistudio/html/asserts/js/main.js (175)
[0430/165505.200:INFO:CONSOLE(175)] "receiveAnswer", source: file:///C:/opensource/open/ss-aistudio/html/asserts/js/main.js (175)
[0430/165505.382:INFO:CONSOLE(175)] "receiveAnswer", source: file:///C:/opensource/open/ss-aistudio/html/asserts/js/main.js (175)
[0430/165505.432:INFO:CONSOLE(175)] "receiveAnswer", source: file:///C:/opensource/open/ss-aistudio/html/asserts/js/main.js (175)
[0430/165505.571:INFO:CONSOLE(175)] "receiveAnswer", source: file:///C:/opensource/open/ss-aistudio/html/asserts/js/main.js (175)
[0430/165505.697:INFO:CONSOLE(175)] "receiveAnswer", source: file:///C:/opensource/open/ss-aistudio/html/asserts/js/main.js (175)
[0430/165505.844:INFO:CONSOLE(175)] "receiveAnswer", source: file:///C:/opensource/open/ss-aistudio/html/asserts/js/main.js (175)
[0430/165506.071:INFO:CONSOLE(175)] "receiveAnswer", source: file:///C:/opensource/open/ss-aistudio/html/asserts/js/main.js (175)
[0430/165506.120:INFO:CONSOLE(175)] "receiveAnswer", source: file:///C:/opensource/open/ss-aistudio/html/asserts/js/main.js (175)
[0430/165506.227:INFO:CONSOLE(175)] "receiveAnswer", source: file:///C:/opensource/open/ss-aistudio/html/asserts/js/main.js (175)
[0430/165506.441:INFO:CONSOLE(175)] "receiveAnswer", source: file:///C:/opensource/open/ss-aistudio/html/asserts/js/main.js (175)
[0430/165506.493:INFO:CONSOLE(175)] "receiveAnswer", source: file:///C:/opensource/open/ss-aistudio/html/asserts/js/main.js (175)
[0430/165506.585:INFO:CONSOLE(175)] "receiveAnswer", source: file:///C:/opensource/open/ss-aistudio/html/asserts/js/main.js (175)
[0430/165506.754:INFO:CONSOLE(175)] "receiveAnswer", source: file:///C:/opensource/open/ss-aistudio/html/asserts/js/main.js (175)
[0430/165506.812:INFO:CONSOLE(175)] "receiveAnswer", source: file:///C:/opensource/open/ss-aistudio/html/asserts/js/main.js (175)
[0430/165506.904:INFO:CONSOLE(175)] "receiveAnswer", source: file:///C:/opensource/open/ss-aistudio/html/asserts/js/main.js (175)
[0430/165507.128:INFO:CONSOLE(175)] "receiveAnswer", source: file:///C:/opensource/open/ss-aistudio/html/asserts/js/main.js (175)
[0430/165507.224:INFO:CONSOLE(175)] "receiveAnswer", source: file:///C:/opensource/open/ss-aistudio/html/asserts/js/main.js (175)
[0430/165507.501:INFO:CONSOLE(175)] "receiveAnswer", source: file:///C:/opensource/open/ss-aistudio/html/asserts/js/main.js (175)
[0430/165507.517:INFO:CONSOLE(175)] "receiveAnswer", source: file:///C:/opensource/open/ss-aistudio/html/asserts/js/main.js (175)
[0430/165507.594:INFO:CONSOLE(175)] "receiveAnswer", source: file:///C:/opensource/open/ss-aistudio/html/asserts/js/main.js (175)
[0430/165507.700:INFO:CONSOLE(175)] "receiveAnswer", source: file:///C:/opensource/open/ss-aistudio/html/asserts/js/main.js (175)
[0430/165507.869:INFO:CONSOLE(175)] "receiveAnswer", source: file:///C:/opensource/open/ss-aistudio/html/asserts/js/main.js (175)
[0430/165507.913:INFO:CONSOLE(175)] "receiveAnswer", source: file:///C:/opensource/open/ss-aistudio/html/asserts/js/main.js (175)
[0430/165508.094:INFO:CONSOLE(175)] "receiveAnswer", source: file:///C:/opensource/open/ss-aistudio/html/asserts/js/main.js (175)
[0430/165508.274:INFO:CONSOLE(175)] "receiveAnswer", source: file:///C:/opensource/open/ss-aistudio/html/asserts/js/main.js (175)
[0430/165508.372:INFO:CONSOLE(175)] "receiveAnswer", source: file:///C:/opensource/open/ss-aistudio/html/asserts/js/main.js (175)
[0430/165508.467:INFO:CONSOLE(175)] "receiveAnswer", source: file:///C:/opensource/open/ss-aistudio/html/asserts/js/main.js (175)
[0430/165508.593:INFO:CONSOLE(175)] "receiveAnswer", source: file:///C:/opensource/open/ss-aistudio/html/asserts/js/main.js (175)
[0430/165508.652:INFO:CONSOLE(175)] "receiveAnswer", source: file:///C:/opensource/open/ss-aistudio/html/asserts/js/main.js (175)
[0430/165508.796:INFO:CONSOLE(175)] "receiveAnswer", source: file:///C:/opensource/open/ss-aistudio/html/asserts/js/main.js (175)
[0430/165508.912:INFO:CONSOLE(175)] "receiveAnswer", source: file:///C:/opensource/open/ss-aistudio/html/asserts/js/main.js (175)
[0430/165508.969:INFO:CONSOLE(175)] "receiveAnswer", source: file:///C:/opensource/open/ss-aistudio/html/asserts/js/main.js (175)
[0430/165509.109:INFO:CONSOLE(175)] "receiveAnswer", source: file:///C:/opensource/open/ss-aistudio/html/asserts/js/main.js (175)
